pod : dev-kafka-connect-mq-test-connect-0

sh-5.1$ cd bin
sh-5.1$ pwd
/opt/kafka/bin
sh-5.1$ ./kafka-console-producer.sh \
--bootstrap-server dev-kafka-cluster-kafka-bootstrap.dev-kafka.svc.cluster.local:9093 \
--producer.config /tmp/strimzi-connect.properties \
--topic neft.outbound.kafka.topic
[2026-01-17 09:21:23,122] WARN The path /opt/kafka/init is not a directory (org.apache.kafka.common.config.provider.DirectoryConfigProvider)
org.apache.kafka.common.KafkaException: Failed to construct kafka producer
        at org.apache.kafka.clients.producer.KafkaProducer.<init>(KafkaProducer.java:476)
        at org.apache.kafka.clients.producer.KafkaProducer.<init>(KafkaProducer.java:297)
        at org.apache.kafka.clients.producer.KafkaProducer.<init>(KafkaProducer.java:324)
        at org.apache.kafka.clients.producer.KafkaProducer.<init>(KafkaProducer.java:309)
        at kafka.tools.ConsoleProducer$.main(ConsoleProducer.scala:99)
        at kafka.tools.ConsoleProducer.main(ConsoleProducer.scala)
Caused by: org.apache.kafka.common.KafkaException: Failed to create new NetworkClient
        at org.apache.kafka.clients.ClientUtils.createNetworkClient(ClientUtils.java:255)
        at org.apache.kafka.clients.ClientUtils.createNetworkClient(ClientUtils.java:163)
        at org.apache.kafka.clients.producer.KafkaProducer.newSender(KafkaProducer.java:526)
        at org.apache.kafka.clients.producer.KafkaProducer.<init>(KafkaProducer.java:465)
        ... 5 more
Caused by: org.apache.kafka.common.KafkaException: Failed to load SSL keystore /tmp/kafka/cluster.truststore.p12 of type PKCS12
        at org.apache.kafka.common.security.ssl.DefaultSslEngineFactory$FileBasedStore.load(DefaultSslEngineFactory.java:380)
        at org.apache.kafka.common.security.ssl.DefaultSslEngineFactory$FileBasedStore.<init>(DefaultSslEngineFactory.java:352)
        at org.apache.kafka.common.security.ssl.DefaultSslEngineFactory.createTruststore(DefaultSslEngineFactory.java:325)
        at org.apache.kafka.common.security.ssl.DefaultSslEngineFactory.configure(DefaultSslEngineFactory.java:169)
        at org.apache.kafka.common.security.ssl.SslFactory.instantiateSslEngineFactory(SslFactory.java:147)
        at org.apache.kafka.common.security.ssl.SslFactory.configure(SslFactory.java:100)
        at org.apache.kafka.common.network.SslChannelBuilder.configure(SslChannelBuilder.java:70)
        at org.apache.kafka.common.network.ChannelBuilders.create(ChannelBuilders.java:193)
        at org.apache.kafka.common.network.ChannelBuilders.clientChannelBuilder(ChannelBuilders.java:82)
        at org.apache.kafka.clients.ClientUtils.createChannelBuilder(ClientUtils.java:120)
        at org.apache.kafka.clients.ClientUtils.createNetworkClient(ClientUtils.java:224)
        ... 8 more
Caused by: java.io.IOException: keystore password was incorrect
        at java.base/sun.security.pkcs12.PKCS12KeyStore.engineLoad(PKCS12KeyStore.java:2159)
        at java.base/sun.security.util.KeyStoreDelegator.engineLoad(KeyStoreDelegator.java:221)
        at java.base/java.security.KeyStore.load(KeyStore.java:1473)
        at org.apache.kafka.common.security.ssl.DefaultSslEngineFactory$FileBasedStore.load(DefaultSslEngineFactory.java:377)
        ... 18 more
Caused by: java.security.UnrecoverableKeyException: failed to decrypt safe contents entry: javax.crypto.BadPaddingException: Given final block not properly padded. Such issues can arise if a bad key is used during decryption.
        ... 22 more
sh-5.1$ 

====================================================================
pod : dev-kafka-cluster-broker-1

sh-5.1$ ./kafka-topics.sh --bootstrap-server localhost:9092 --describe --topic neft.outbound.kafka.topic
Topic: neft.outbound.kafka.topic        TopicId: VZpVLkuTQZS2f9S5luXtxQ PartitionCount: 1       ReplicationFactor: 3    Configs: compression.type=producer,min.insync.replicas=2,cleanup.policy=delete,segment.bytes=1073741824
        Topic: neft.outbound.kafka.topic        Partition: 0    Leader: 1       Replicas: 1,2,0 Isr: 0,2,1      Elr:    LastKnownElr: 
sh-5.1$ cd /opt/kafka/bin
sh-5.1$ pwd
/opt/kafka/bin
sh-5.1$ ./kafka-console-producer.sh \
--bootstrap-server dev-kafka-cluster-kafka-bootstrap.dev-kafka.svc.cluster.local:9093 \
--producer.config /tmp/strimzi-connect.properties \
--topic neft.outbound.kafka.topic
java.nio.file.NoSuchFileException: /tmp/strimzi-connect.properties
        at java.base/sun.nio.fs.UnixException.translateToIOException(UnixException.java:92)
        at java.base/sun.nio.fs.UnixException.rethrowAsIOException(UnixException.java:106)
        at java.base/sun.nio.fs.UnixException.rethrowAsIOException(UnixException.java:111)
        at java.base/sun.nio.fs.UnixFileSystemProvider.newByteChannel(UnixFileSystemProvider.java:218)
        at java.base/java.nio.file.Files.newByteChannel(Files.java:380)
        at java.base/java.nio.file.Files.newByteChannel(Files.java:432)
        at java.base/java.nio.file.spi.FileSystemProvider.newInputStream(FileSystemProvider.java:422)
        at java.base/java.nio.file.Files.newInputStream(Files.java:160)
        at org.apache.kafka.common.utils.Utils.loadProps(Utils.java:655)
        at kafka.tools.ConsoleProducer$.producerProps(ConsoleProducer.scala:134)
        at kafka.tools.ConsoleProducer$.main(ConsoleProducer.scala:99)
        at kafka.tools.ConsoleProducer.main(ConsoleProducer.scala)
sh-5.1$ 
