[osuser@bastion ~]$ oc get pods
NAME                                                 READY   STATUS    RESTARTS          AGE
dev-console-console-deployment-fbc4f6b4b-82hft       2/2     Running   0                 6d3h
dev-kafka-cluster-broker-0                           1/1     Running   4 (7d ago)        7d1h
dev-kafka-cluster-broker-1                           1/1     Running   0                 7d2h
dev-kafka-cluster-broker-2                           1/1     Running   0                 7d2h
dev-kafka-cluster-controller-3                       1/1     Running   0                 7d2h
dev-kafka-cluster-controller-4                       1/1     Running   0                 7d2h
dev-kafka-cluster-controller-5                       1/1     Running   0                 7d2h
dev-kafka-cluster-cruise-control-7678c88585-95qjd    1/1     Running   44 (6d15h ago)    7d2h
dev-kafka-cluster-entity-operator-656dcf5cdd-sqmhl   2/2     Running   0                 7d2h
dev-kafka-connect-mq-test-connect-0                  1/1     Running   565 (11m ago)     7d2h
dev-kafka-connect-mq-test-connect-1                  1/1     Running   550 (3m56s ago)   7d1h
dev-kafka-connect-mq-test-connect-2                  1/1     Running   564 (12m ago)     7d2h
dev-kafka-mirror-maker-mirrormaker2-0                0/1     Pending   0                 28d
[osuser@bastion ~]$ oc describe pvc pvc dev-kafka-cluster-broker-2
Error from server (NotFound): persistentvolumeclaims "pvc" not found
Error from server (NotFound): persistentvolumeclaims "dev-kafka-cluster-broker-2" not found
[osuser@bastion ~]$ oc describe pvc dev-kafka-cluster-broker-2
Error from server (NotFound): persistentvolumeclaims "dev-kafka-cluster-broker-2" not found
[osuser@bastion ~]$ oc describe pvc dev-kafka-cluster-broker-0
Error from server (NotFound): persistentvolumeclaims "dev-kafka-cluster-broker-0" not found
[osuser@bastion ~]$ oc get pvc -n dev-kafka
NAME                                    STATUS   VOLUME                                     CAPACITY   ACCESS MODES   STORAGECLASS   VOLUMEATTRIBUTESCLASS   AGE
data-0-dev-kafka-cluster-broker-0       Bound    pvc-e9bc2f66-2768-4182-b4a4-53878c2abd69   100Gi      RWO            trident-csi    <unset>                 78d
data-0-dev-kafka-cluster-broker-1       Bound    pvc-899edda4-91ba-4831-a976-4cf83a522422   100Gi      RWO            trident-csi    <unset>                 78d
data-0-dev-kafka-cluster-broker-2       Bound    pvc-004aae41-7e86-4514-a156-57def718fbcc   100Gi      RWO            trident-csi    <unset>                 78d
data-0-dev-kafka-cluster-controller-3   Bound    pvc-6e526729-e27e-40c2-a91e-e17a6f39a75a   100Gi      RWO            trident-csi    <unset>                 78d
data-0-dev-kafka-cluster-controller-4   Bound    pvc-e0dbcddb-9c9d-4f5c-9ae0-0006267aba83   100Gi      RWO            trident-csi    <unset>                 78d
data-0-dev-kafka-cluster-controller-5   Bound    pvc-e1a8a8e2-4c2b-442b-9625-f1177b3e4d65   100Gi      RWO            trident-csi    <unset>                 78d
data-1-dev-kafka-cluster-broker-0       Bound    pvc-9bdd5ed5-cfb5-4fcd-9ce1-63ed6f4d87b0   100Gi      RWO            trident-csi    <unset>                 78d
data-1-dev-kafka-cluster-broker-1       Bound    pvc-35c5884f-5b17-40ae-b9a6-b4f619ff4465   100Gi      RWO            trident-csi    <unset>                 78d
data-1-dev-kafka-cluster-broker-2       Bound    pvc-11365ce9-5c60-45dc-b85b-931d54509301   100Gi      RWO            trident-csi    <unset>                 78d
kafka-pvc                               Bound    pvc-2e26cf09-cdca-4473-9b45-d7e45b8c6a3b   10Gi       RWO            trident-csi    <unset>                 230d
[osuser@bastion ~]$ oc describe pvc pvc-004aae41-7e86-4514-a156-57def718fbcc
Error from server (NotFound): persistentvolumeclaims "pvc-004aae41-7e86-4514-a156-57def718fbcc" not found
[osuser@bastion ~]$ oc rsh data-0-dev-kafka-cluster-broker-0
Error from server (NotFound): pods "data-0-dev-kafka-cluster-broker-0" not found
[osuser@bastion ~]$ oc rsh dev-kafka-cluster-broker-0
sh-5.1$ cd bin
sh-5.1$ ./kafka-topics.sh --describe --topic __consumer_offsets --bootstrap-server localhost:9092
Topic: __consumer_offsets       TopicId: rKarGsXGQ5mg17smxL1-Yw PartitionCount: 50      ReplicationFactor: 3    Configs: compression.type=producer,min.insync.replicas=2,cleanup.policy=compact,segment.bytes=104857600
        Topic: __consumer_offsets       Partition: 0    Leader: 2       Replicas: 0,1,2 Isr: 2,1,0      Elr:    LastKnownElr:
        Topic: __consumer_offsets       Partition: 1    Leader: 2       Replicas: 1,2,0 Isr: 2,1,0      Elr:    LastKnownElr:
        Topic: __consumer_offsets       Partition: 2    Leader: 2       Replicas: 2,0,1 Isr: 2,1,0      Elr:    LastKnownElr:
        Topic: __consumer_offsets       Partition: 3    Leader: 2       Replicas: 0,2,1 Isr: 2,1,0      Elr:    LastKnownElr:
        Topic: __consumer_offsets       Partition: 4    Leader: 2       Replicas: 2,1,0 Isr: 2,1,0      Elr:    LastKnownElr:
        Topic: __consumer_offsets       Partition: 5    Leader: 2       Replicas: 1,0,2 Isr: 2,1,0      Elr:    LastKnownElr:
        Topic: __consumer_offsets       Partition: 6    Leader: 2       Replicas: 2,0,1 Isr: 2,1,0      Elr:    LastKnownElr:
        Topic: __consumer_offsets       Partition: 7    Leader: 2       Replicas: 0,1,2 Isr: 2,1,0      Elr:    LastKnownElr:
        Topic: __consumer_offsets       Partition: 8    Leader: 2       Replicas: 1,2,0 Isr: 2,1,0      Elr:    LastKnownElr:
        Topic: __consumer_offsets       Partition: 9    Leader: 2       Replicas: 2,0,1 Isr: 2,1,0      Elr:    LastKnownElr:
        Topic: __consumer_offsets       Partition: 10   Leader: 2       Replicas: 0,1,2 Isr: 2,1,0      Elr:    LastKnownElr:
        Topic: __consumer_offsets       Partition: 11   Leader: 2       Replicas: 1,2,0 Isr: 2,1,0      Elr:    LastKnownElr:
        Topic: __consumer_offsets       Partition: 12   Leader: 2       Replicas: 1,2,0 Isr: 2,1,0      Elr:    LastKnownElr:
        Topic: __consumer_offsets       Partition: 13   Leader: 2       Replicas: 2,0,1 Isr: 2,1,0      Elr:    LastKnownElr:
        Topic: __consumer_offsets       Partition: 14   Leader: 2       Replicas: 0,1,2 Isr: 2,1,0      Elr:    LastKnownElr:
        Topic: __consumer_offsets       Partition: 15   Leader: 2       Replicas: 1,0,2 Isr: 2,1,0      Elr:    LastKnownElr:
        Topic: __consumer_offsets       Partition: 16   Leader: 2       Replicas: 0,2,1 Isr: 2,1,0      Elr:    LastKnownElr:
        Topic: __consumer_offsets       Partition: 17   Leader: 2       Replicas: 2,1,0 Isr: 2,1,0      Elr:    LastKnownElr:
        Topic: __consumer_offsets       Partition: 18   Leader: 2       Replicas: 0,2,1 Isr: 2,1,0      Elr:    LastKnownElr:
        Topic: __consumer_offsets       Partition: 19   Leader: 2       Replicas: 2,1,0 Isr: 2,1,0      Elr:    LastKnownElr:
        Topic: __consumer_offsets       Partition: 20   Leader: 2       Replicas: 1,0,2 Isr: 2,0,1      Elr:    LastKnownElr:
        Topic: __consumer_offsets       Partition: 21   Leader: 2       Replicas: 0,1,2 Isr: 2,1,0      Elr:    LastKnownElr:
        Topic: __consumer_offsets       Partition: 22   Leader: 2       Replicas: 1,2,0 Isr: 2,1,0      Elr:    LastKnownElr:
        Topic: __consumer_offsets       Partition: 23   Leader: 2       Replicas: 2,0,1 Isr: 2,1,0      Elr:    LastKnownElr:
        Topic: __consumer_offsets       Partition: 24   Leader: 2       Replicas: 0,2,1 Isr: 2,1,0      Elr:    LastKnownElr:
        Topic: __consumer_offsets       Partition: 25   Leader: 2       Replicas: 2,1,0 Isr: 2,1,0      Elr:    LastKnownElr:
        Topic: __consumer_offsets       Partition: 26   Leader: 2       Replicas: 1,0,2 Isr: 2,1,0      Elr:    LastKnownElr:
        Topic: __consumer_offsets       Partition: 27   Leader: 2       Replicas: 1,0,2 Isr: 2,0,1      Elr:    LastKnownElr:
        Topic: __consumer_offsets       Partition: 28   Leader: 2       Replicas: 0,2,1 Isr: 2,1,0      Elr:    LastKnownElr:
        Topic: __consumer_offsets       Partition: 29   Leader: 2       Replicas: 2,1,0 Isr: 2,0,1      Elr:    LastKnownElr:
        Topic: __consumer_offsets       Partition: 30   Leader: 2       Replicas: 0,1,2 Isr: 2,1,0      Elr:    LastKnownElr:
        Topic: __consumer_offsets       Partition: 31   Leader: 2       Replicas: 1,2,0 Isr: 2,1,0      Elr:    LastKnownElr:
        Topic: __consumer_offsets       Partition: 32   Leader: 2       Replicas: 2,0,1 Isr: 2,1,0      Elr:    LastKnownElr:
        Topic: __consumer_offsets       Partition: 33   Leader: 2       Replicas: 2,0,1 Isr: 2,1,0      Elr:    LastKnownElr:
        Topic: __consumer_offsets       Partition: 34   Leader: 2       Replicas: 0,1,2 Isr: 2,1,0      Elr:    LastKnownElr:
        Topic: __consumer_offsets       Partition: 35   Leader: 2       Replicas: 1,2,0 Isr: 2,1,0      Elr:    LastKnownElr:
        Topic: __consumer_offsets       Partition: 36   Leader: 2       Replicas: 2,1,0 Isr: 2,0,1      Elr:    LastKnownElr:
        Topic: __consumer_offsets       Partition: 37   Leader: 2       Replicas: 1,0,2 Isr: 2,1,0      Elr:    LastKnownElr:
        Topic: __consumer_offsets       Partition: 38   Leader: 2       Replicas: 0,2,1 Isr: 2,1,0      Elr:    LastKnownElr:
        Topic: __consumer_offsets       Partition: 39   Leader: 2       Replicas: 2,1,0 Isr: 2,1,0      Elr:    LastKnownElr:
        Topic: __consumer_offsets       Partition: 40   Leader: 2       Replicas: 1,0,2 Isr: 2,1,0      Elr:    LastKnownElr:
        Topic: __consumer_offsets       Partition: 41   Leader: 2       Replicas: 0,2,1 Isr: 2,1,0      Elr:    LastKnownElr:
        Topic: __consumer_offsets       Partition: 42   Leader: 2       Replicas: 0,1,2 Isr: 2,1,0      Elr:    LastKnownElr:
        Topic: __consumer_offsets       Partition: 43   Leader: 2       Replicas: 1,2,0 Isr: 2,0,1      Elr:    LastKnownElr:
        Topic: __consumer_offsets       Partition: 44   Leader: 2       Replicas: 2,0,1 Isr: 2,1,0      Elr:    LastKnownElr:
        Topic: __consumer_offsets       Partition: 45   Leader: 2       Replicas: 1,0,2 Isr: 2,1,0      Elr:    LastKnownElr:
        Topic: __consumer_offsets       Partition: 46   Leader: 2       Replicas: 0,2,1 Isr: 2,1,0      Elr:    LastKnownElr:
        Topic: __consumer_offsets       Partition: 47   Leader: 2       Replicas: 2,1,0 Isr: 2,1,0      Elr:    LastKnownElr:
        Topic: __consumer_offsets       Partition: 48   Leader: 2       Replicas: 0,1,2 Isr: 2,1,0      Elr:    LastKnownElr:
        Topic: __consumer_offsets       Partition: 49   Leader: 2       Replicas: 1,2,0 Isr: 2,1,0      Elr:    LastKnownElr:

sh-5.1$ ./kafka-consumer-groups.sh --bootstrap-server localhost:9092 --describe --all-groups

Warning: Consumer group 'admin-consumers' is rebalancing.

GROUP           TOPIC                                    PARTITION  CURRENT-OFFSET  LOG-END-OFFSET  LAG             CONSUMER-ID     HOST            CLIENT-ID
admin-consumers adminPortal_sms_notification_topic       3          570             571             1               -               -               -
admin-consumers adminPortal_sms_notification_topic       2          740             740             0               -               -               -
admin-consumers adminPortal_sms_notification_topic       1          0               0               0               -               -               -
admin-consumers local_adminPortal_sms_notification_topic 3          0               0               0               -               -               -
admin-consumers adminPortal_sms_notification_topic       0          0               0               0               -               -               -
admin-consumers local_adminPortal_sms_notification_topic 0          0               0               0               -               -               -
admin-consumers local_adminPortal_sms_notification_topic 2          2               2               0               -               -               -
admin-consumers local_adminPortal_sms_notification_topic 1          0               0               0               -               -               -
Consumer group 'connect-neft-mq-sink' has no active members.

GROUP                TOPIC                      PARTITION  CURRENT-OFFSET  LOG-END-OFFSET  LAG             CONSUMER-ID     HOST            CLIENT-ID
connect-neft-mq-sink neft.processed.kafka.topic 0          10              10              0               -               -               -
Consumer group 'connect-neft-mq-sink-dest' has no active members.

GROUP                     TOPIC                     PARTITION  CURRENT-OFFSET  LOG-END-OFFSET  LAG             CONSUMER-ID     HOST            CLIENT-ID
connect-neft-mq-sink-dest neft.outbound.kafka.topic 0          35              35              0               -               -               -
Consumer group 'epay-payment-service-local-group' has no active members.

GROUP                            TOPIC                                      PARTITION  CURRENT-OFFSET  LOG-END-OFFSET  LAG             CONSUMER-ID     HOST            CLIENT-ID
epay-payment-service-local-group payments                                   0          2669            2669            0               -               -               -
epay-payment-service-local-group payment_sms_notification_topic             2          0               0               0               -               -               -
epay-payment-service-local-group payment_sms_notification_topic             3          1               1               0               -               -               -
epay-payment-service-local-group payment_sms_notification_topic             0          1               1               0               -               -               -
epay-payment-service-local-group payment_sms_notification_topic             1          659             692             33              -               -               -
epay-payment-service-local-group payment_cashstatusquery_notification_topic 2          1421545         1422015         470             -               -               -
epay-payment-service-local-group payment_cashstatusquery_notification_topic 3          1803679         1809860         6181            -               -               -
epay-payment-service-local-group payment_email_notification_topic           0          346             372             26              -               -               -
epay-payment-service-local-group payment_cashstatusquery_notification_topic 0          1298469         1307567         9098            -               -               -
epay-payment-service-local-group payment_cashstatusquery_notification_topic 1          1413099         1422659         9560            -               -               -
epay-payment-service-local-group payment_email_notification_topic           3          201             207             6               -               -               -
epay-payment-service-local-group payment_email_notification_topic           1          72              72              0               -               -               -
epay-payment-service-local-group payment_email_notification_topic           2          34              35              1               -               -               -
Warning: Consumer group 'gatewayOfflinePooling-consumers' is rebalancing.

GROUP                           TOPIC                                          PARTITION  CURRENT-OFFSET  LOG-END-OFFSET  LAG             CONSUMER-ID     HOST            CLIENT-ID
gatewayOfflinePooling-consumers upibhimqr_offline_gateway_pooling_dev_upi_qr   3          333             333             0               -               -               -
gatewayOfflinePooling-consumers upiself_offline_gateway_pooling_dev_upi_self   2          10602           10602           0               -               -               -
gatewayOfflinePooling-consumers upibhimqr_offline_gateway_pooling_dev_upi_qr   1          1246            1246            0               -               -               -
gatewayOfflinePooling-consumers upiself_offline_gateway_pooling_dev_upi_self   0          15314           15314           0               -               -               -
gatewayOfflinePooling-consumers otherinb_offline_gateway_pooling_dev_other_inb 1          0               0               0               -               -               -
gatewayOfflinePooling-consumers local_payment_sms_notification_topic           3          0               0               0               -               -               -
gatewayOfflinePooling-consumers otherinb_offline_gateway_pooling_dev_other_inb 3          0               0               0               -               -               -
gatewayOfflinePooling-consumers local_payment_sms_notification_topic           1          0               0               0               -               -               -
gatewayOfflinePooling-consumers inb_offline_gateway_pooling_local              3          1               1               0               -               -               -
gatewayOfflinePooling-consumers inb_offline_gateway_pooling_local              1          567             567             0               -               -               -
gatewayOfflinePooling-consumers payment_cashstatusquery_notification_topic     3          1803679         1809860         6181            -               -               -
gatewayOfflinePooling-consumers payment_cashstatusquery_notification_topic     1          1413229         1422659         9430            -               -               -
gatewayOfflinePooling-consumers local_payment_email_notification_topic         3          0               0               0               -               -               -
gatewayOfflinePooling-consumers local_payment_email_notification_topic         1          0               0               0               -               -               -
gatewayOfflinePooling-consumers upibhimqr_offline_gateway_pooling_dev_upi_qr   2          1142            1142            0               -               -               -
gatewayOfflinePooling-consumers upibhimqr_offline_gateway_pooling_dev_upi_qr   0          1893            1893            0               -               -               -
gatewayOfflinePooling-consumers upiself_offline_gateway_pooling_dev_upi_self   3          17081           17081           0               -               -               -
gatewayOfflinePooling-consumers local_payment_sms_notification_topic           2          0               0               0               -               -               -
gatewayOfflinePooling-consumers otherinb_offline_gateway_pooling_dev_other_inb 0          0               0               0               -               -               -
gatewayOfflinePooling-consumers upiself_offline_gateway_pooling_dev_upi_self   1          15903           15903           0               -               -               -
gatewayOfflinePooling-consumers local_payment_sms_notification_topic           0          0               0               0               -               -               -
gatewayOfflinePooling-consumers otherinb_offline_gateway_pooling_dev_other_inb 2          0               0               0               -               -               -
gatewayOfflinePooling-consumers inb_offline_gateway_pooling_local              2          3               3               0               -               -               -
gatewayOfflinePooling-consumers inb_offline_gateway_pooling_local              0          3               3               0               -               -               -
gatewayOfflinePooling-consumers payment_cashstatusquery_notification_topic     2          1421611         1422015         404             -               -               -
gatewayOfflinePooling-consumers payment_cashstatusquery_notification_topic     0          1298585         1307567         8982            -               -               -
gatewayOfflinePooling-consumers local_payment_email_notification_topic         2          0               0               0               -               -               -
gatewayOfflinePooling-consumers local_payment_email_notification_topic         0          0               0               0               -               -               -
Warning: Consumer group 'merchant-consumers' is rebalancing.

GROUP              TOPIC                                   PARTITION  CURRENT-OFFSET  LOG-END-OFFSET  LAG             CONSUMER-ID     HOST            CLIENT-ID
merchant-consumers local_gst_report_status_topic           0          1               1               0               -               -               -
merchant-consumers local_gst_report_status_topic           2          16              16              0               -               -               -
merchant-consumers local_report_sms_notification_topic     3          0               0               0               -               -               -
merchant-consumers local_merchant_report_topic             2          101             101             0               -               -               -
merchant-consumers local_merchant_report_topic             0          105             105             0               -               -               -
merchant-consumers merchant_email_notification_topic       1          430             430             0               -               -               -
merchant-consumers local_merchant_report_alert_topic       0          0               0               0               -               -               -
merchant-consumers local_report_sms_notification_topic     1          0               0               0               -               -               -
merchant-consumers local_merchant_sms_notification_topic   3          14              14              0               -               -               -
merchant-consumers local_merchant_email_notification_topic 2          33              33              0               -               -               -
merchant-consumers local_merchant_sms_notification_topic   1          11              11              0               -               -               -
merchant-consumers local_merchant_email_notification_topic 0          9               9               0               -               -               -
merchant-consumers merchant_email_notification_topic       3          436             436             0               -               -               -
merchant-consumers local_merchant_email_notification_topic 3          40              40              0               -               -               -
merchant-consumers merchant_sms_notification_topic         1          197             200             3               -               -               -
merchant-consumers local_gst_invoice_download_topic        1          661             661             0               -               -               -
merchant-consumers merchant_sms_notification_topic         3          395             396             1               -               -               -
merchant-consumers merchant_report_topic                   2          195             195             0               -               -               -
merchant-consumers merchant_report_topic                   0          209             209             0               -               -               -
merchant-consumers local_gst_invoice_download_topic        3          786             786             0               -               -               -
merchant-consumers local_gst_report_status_topic           1          12              12              0               -               -               -
merchant-consumers local_gst_report_status_topic           3          5               5               0               -               -               -
merchant-consumers local_report_sms_notification_topic     2          121             121             0               -               -               -
merchant-consumers local_merchant_report_topic             3          96              96              0               -               -               -
merchant-consumers local_merchant_report_topic             1          113             113             0               -               -               -
merchant-consumers merchant_email_notification_topic       2          253             253             0               -               -               -
merchant-consumers local_report_sms_notification_topic     0          0               0               0               -               -               -
merchant-consumers merchant_email_notification_topic       0          143             143             0               -               -               -
merchant-consumers local_merchant_sms_notification_topic   2          39              39              0               -               -               -
merchant-consumers local_merchant_sms_notification_topic   0          23              23              0               -               -               -
merchant-consumers local_recon_report_generation_topic     0          0               0               0               -               -               -
merchant-consumers local_merchant_email_notification_topic 1          27              27              0               -               -               -
merchant-consumers ops_report_generation_topic             0          462             462             0               -               -               -
merchant-consumers merchant_sms_notification_topic         0          351             354             3               -               -               -
merchant-consumers local_gst_invoice_download_topic        2          604             604             0               -               -               -
merchant-consumers merchant_report_topic                   3          206             206             0               -               -               -
merchant-consumers local_gst_invoice_download_topic        0          636             636             0               -               -               -
merchant-consumers merchant_report_topic                   1          184             184             0               -               -               -
merchant-consumers merchant_sms_notification_topic         2          254             254             0               -               -               -
merchant-consumers merchant_report_alert_topic             0          610             610             0               -               -               -
Warning: Consumer group 'operation-consumers' is rebalancing.

GROUP               TOPIC                                PARTITION  CURRENT-OFFSET  LOG-END-OFFSET  LAG             CONSUMER-ID     HOST            CLIENT-ID
operation-consumers ops_report_confirmation_topic        0          307             307             0               -               -               -
operation-consumers ops_recon_fail_ack_topic             3          28              28              0               -               -               -
operation-consumers ops_recon_fail_ack_topic             2          9               9               0               -               -               -
operation-consumers ops_recon_fail_ack_topic             1          28              28              0               -               -               -
operation-consumers ops_recon_fail_ack_topic             0          16              16              0               -               -               -
operation-consumers ops_refund_adjust_confirmation_topic 0          2               2               0               -               -               -
operation-consumers ops_payout_topic                     0          121             121             0               -               -               -
operation-consumers ops_refund_adjust_confirmation_topic 1          11              11              0               -               -               -
operation-consumers ops_refund_adjust_confirmation_topic 2          4               4               0               -               -               -
operation-consumers ops_recon_file_topic                 3          39              39              0               -               -               -
operation-consumers ops_refund_adjust_confirmation_topic 3          9               9               0               -               -               -
operation-consumers ops_recon_file_topic                 0          52              52              0               -               -               -
operation-consumers ops_recon_file_topic                 2          52              52              0               -               -               -
operation-consumers ops_recon_file_topic                 1          53              53              0               -               -               -
Warning: Consumer group 'payment-consumers' is rebalancing.

GROUP             TOPIC                                      PARTITION  CURRENT-OFFSET  LOG-END-OFFSET  LAG             CONSUMER-ID     HOST            CLIENT-ID
payment-consumers payment_email_notification_topic           0          372             372             0               -               -               -
payment-consumers payment_cashstatusquery_notification_topic 0          1307567         1307567         0               -               -               -
payment-consumers payment_cashstatusquery_notification_topic 1          1422659         1422659         0               -               -               -
payment-consumers payment_sms_notification_topic             2          0               0               0               -               -               -
payment-consumers payment_sms_notification_topic             3          1               1               0               -               -               -
payment-consumers payment_sms_notification_topic             0          1               1               0               -               -               -
payment-consumers payment_sms_notification_topic             1          692             692             0               -               -               -
payment-consumers payment_cashstatusquery_notification_topic 2          1422015         1422015         0               -               -               -
payment-consumers payment_email_notification_topic           3          207             207             0               -               -               -
payment-consumers payment_cashstatusquery_notification_topic 3          1809860         1809860         0               -               -               -
payment-consumers payment_email_notification_topic           1          72              72              0               -               -               -
payment-consumers payment_email_notification_topic           2          35              35              0               -               -               -
Warning: Consumer group 'rns-consumers' is rebalancing.

GROUP           TOPIC                                         PARTITION  CURRENT-OFFSET  LOG-END-OFFSET  LAG             CONSUMER-ID     HOST            CLIENT-ID
rns-consumers   local_ops_refund_adjust_confirmation_topic    1          0               0               0               -               -               -
rns-consumers   local_ops_refund_adjust_confirmation_topic    2          0               0               0               -               -               -
rns-consumers   local_ops_refund_adjust_confirmation_topic    3          0               0               0               -               -               -
rns-consumers   local_ops_report_confirmation_topic           0          0               0               0               -               -               -
rns-consumers   local_ops_recon_fail_ack_topic                0          5               5               0               -               -               -
rns-consumers   local_ops_recon_fail_ack_topic                2          4               4               0               -               -               -
rns-consumers   local_ops_refund_adjust_confirmation_topic    0          0               0               0               -               -               -
rns-consumers   local_ops_recon_fail_ack_topic                1          8               8               0               -               -               -
rns-consumers   local_ops_recon_file_topic                    0          8               9               1               -               -               -
rns-consumers   local_ops_recon_file_topic_jeevan             3          8               8               0               -               -               -
rns-consumers   local_ops_recon_fail_ack_topic                3          8               8               0               -               -               -
rns-consumers   local_ops_recon_file_topic_jeevan             1          10              10              0               -               -               -
rns-consumers   local_ops_recon_file_topic                    2          11              11              0               -               -               -
rns-consumers   local_ops_recon_file_topic                    1          4               4               0               -               -               -
rns-consumers   local_ops_recon_file_topic_jeevan             2          6               6               0               -               -               -
rns-consumers   local_ops_refund_adjust_confirmation_topic_ak 2          0               0               0               -               -               -
rns-consumers   local_ops_recon_file_topic_jeevan             0          14              14              0               -               -               -
rns-consumers   local_ops_recon_file_topic                    3          9               9               0               -               -               -
rns-consumers   local_ops_refund_adjust_confirmation_topic_ak 3          5               5               0               -               -               -
rns-consumers   local_ops_refund_adjust_confirmation_topic_ak 0          6               6               0               -               -               -
rns-consumers   local_ops_payout_topic                        0          5               5               0               -               -               -
rns-consumers   local_ops_refund_adjust_confirmation_topic_ak 1          2               2               0               -               -               -
Consumer group 'simple-kafka-test-consumer' has no active members.

GROUP                      TOPIC                                      PARTITION  CURRENT-OFFSET  LOG-END-OFFSET  LAG             CONSUMER-ID     HOST            CLIENT-ID
simple-kafka-test-consumer local_payment_sms_notification_topic       2          0               0               0               -               -               -
simple-kafka-test-consumer local_payment_sms_notification_topic       3          0               0               0               -               -               -
simple-kafka-test-consumer local_payment_sms_notification_topic       0          0               0               0               -               -               -
simple-kafka-test-consumer neft.inbound.kafka.topic                   0          12              12              0               -               -               -
simple-kafka-test-consumer local_payment_sms_notification_topic       1          0               0               0               -               -               -
simple-kafka-test-consumer payment_cashstatusquery_notification_topic 2          1421751         1422015         264             -               -               -
simple-kafka-test-consumer payment_cashstatusquery_notification_topic 3          1804136         1809860         5724            -               -               -
simple-kafka-test-consumer payment_cashstatusquery_notification_topic 0          1304326         1307567         3241            -               -               -
simple-kafka-test-consumer payment_cashstatusquery_notification_topic 1          1419106         1422659         3553            -               -               -
simple-kafka-test-consumer local_payment_email_notification_topic     3          0               0               0               -               -               -
simple-kafka-test-consumer local_payment_email_notification_topic     1          0               0               0               -               -               -
simple-kafka-test-consumer local_payment_email_notification_topic     2          0               0               0               -               -               -
simple-kafka-test-consumer local_payment_email_notification_topic     0          0               0               0               -               -               -
Consumer group 'spring.kafka.consumer.group-id' has no active members.

GROUP                          TOPIC                    PARTITION  CURRENT-OFFSET  LOG-END-OFFSET  LAG             CONSUMER-ID     HOST            CLIENT-ID
spring.kafka.consumer.group-id neft.inbound.kafka.topic 0          12              12              0               -               -               -
Warning: Consumer group 'transaction-consumers' is rebalancing.

GROUP                 TOPIC                                      PARTITION  CURRENT-OFFSET  LOG-END-OFFSET  LAG             CONSUMER-ID     HOST            CLIENT-ID
transaction-consumers local_ops_refund_adjust_detail_topic_ak    0          14              14              0               -               -               -
transaction-consumers local_ops_recon_record_duplicate_topic     0          7               7               0               -               -               -
transaction-consumers transaction_push_verification_topic        1          2115            2115            0               -               -               -
transaction-consumers transaction_push_verification_topic        3          2073            2073            0               -               -               -
transaction-consumers transaction_email_notification_topic       2          32              32              0               -               -               -
transaction-consumers process_bookingDetails_topic               0          6               6               0               -               -               -
transaction-consumers ops_recon_record_unmatched_topic           0          909             909             0               -               -               -
transaction-consumers local_transaction_sms_notification_topic   1          0               0               0               -               -               -
transaction-consumers local_transaction_push_verification_topic  2          1896            1896            0               -               -               -
transaction-consumers local_transaction_sms_notification_topic   3          0               0               0               -               -               -
transaction-consumers local_transaction_push_verification_topic  0          1818            1818            0               -               -               -
transaction-consumers transaction_sms_notification_topic         3          64              64              0               -               -               -
transaction-consumers ops_recon_record_matched_topic             0          150             150             0               -               -               -
transaction-consumers transaction_sms_notification_topic         1          0               0               0               -               -               -
transaction-consumers process_bulk_refund_topic                  1          1               1               0               -               -               -
transaction-consumers local_process-bulk-refund-topic            1          0               0               0               -               -               -
transaction-consumers local_process-bulk-refund-topic            3          1               1               0               -               -               -
transaction-consumers local_transaction_email_notification_topic 1          0               0               0               -               -               -
transaction-consumers local_transaction_email_notification_topic 3          0               0               0               -               -               -
transaction-consumers process_bulk_refund_topic                  3          1               1               0               -               -               -
transaction-consumers transaction_push_verification_topic        2          2167            2167            0               -               -               -
transaction-consumers local_ops_recon_record_matched_topic       0          11              11              0               -               -               -
transaction-consumers ops_refund_adjust_detail_topic             0          26              26              0               -               -               -
transaction-consumers transaction_email_notification_topic       1          0               0               0               -               -               -
transaction-consumers transaction_email_notification_topic       3          0               0               0               -               -               -
transaction-consumers local_transaction_sms_notification_topic   0          0               0               0               -               -               -
transaction-consumers local_ops_refund_adjust_detail_topic       0          9               9               0               -               -               -
transaction-consumers local_transaction_push_verification_topic  3          1811            1811            0               -               -               -
transaction-consumers local_ops_recon_record_unmatched_topic     0          455             455             0               -               -               -
transaction-consumers local_transaction_push_verification_topic  1          1723            1723            0               -               -               -
transaction-consumers local_transaction_sms_notification_topic   2          0               0               0               -               -               -
transaction-consumers transaction_sms_notification_topic         2          0               0               0               -               -               -
transaction-consumers transaction_sms_notification_topic         0          0               0               0               -               -               -
transaction-consumers transaction_email_notification_topic       0          32              32              0               -               -               -
transaction-consumers local_process-bulk-refund-topic            2          0               0               0               -               -               -
transaction-consumers process_bulk_refund_topic                  2          2               2               0               -               -               -
transaction-consumers local_transaction_email_notification_topic 0          0               0               0               -               -               -
transaction-consumers transaction_push_verification_topic        0          2322            2322            0               -               -               -
transaction-consumers process_bulk_refund_topic                  0          0               0               0               -               -               -
transaction-consumers local_transaction_email_notification_topic 2          0               0               0               -               -               -
transaction-consumers local_process-bulk-refund-topic            0          1               1               0               -               -               -
transaction-consumers local_process-bookingdetails-topic         0          3               3               0               -               -               -
transaction-consumers ops_recon_record_duplicate_topic           0          3               3               0               -               -               -sh-5.1$
