[osuser@bastion ~]$ oc logs perf-kafka-cluster-cruise-control-54d9df6849-xz4tw -n perf-kafka -p | grep -i "EVENT|WARN|EXCEPTION|FATAL"
Defaulted container "cruise-control" out of: cruise-control, dynatrace-operator (init)
[osuser@bastion ~]$
[osuser@bastion ~]$ oc logs perf-kafka-cluster-cruise-control-54d9df6849-xz4tw -n perf-kafka -p | grep -i "ERROR"
Defaulted container "cruise-control" out of: cruise-control, dynatrace-operator (init)
2026-01-09 16:03:39 ERROR KafkaCruiseControlRequestHandler:88 - Error processing GET request '/state' due to: 'There are already 5 active user tasks, which has reached the servlet capacity.'.
[osuser@bastion ~]$
[osuser@bastion ~]$
[osuser@bastion ~]$
[osuser@bastion ~]$ oc logs perf-kafka-cluster-cruise-control-54d9df6849-xz4tw -n perf-kafka -p | grep -i "WARN"
Defaulted container "cruise-control" out of: cruise-control, dynatrace-operator (init)
[WARN  tini (1)] Reaped zombie process with pid=1144278
[WARN  tini (1)] Reaped zombie process with pid=1144287
[WARN  tini (1)] Reaped zombie process with pid=1144296
[WARN  tini (1)] Reaped zombie process with pid=1144305
[WARN  tini (1)] Reaped zombie process with pid=1144314
[osuser@bastion ~]$ oc logs perf-kafka-cluster-cruise-control-54d9df6849-xz4tw -n perf-kafka -p | grep -i "FATAL"
Defaulted container "cruise-control" out of: cruise-control, dynatrace-operator (init)
[osuser@bastion ~]$
[osuser@bastion ~]$ oc logs perf-kafka-cluster-cruise-control-54d9df6849-xz4tw -n perf-kafka -p | grep -i "EXCEPTION"
Defaulted container "cruise-control" out of: cruise-control, dynatrace-operator (init)
java.lang.RuntimeException: There are already 5 active user tasks, which has reached the servlet capacity.
[osuser@bastion ~]$
[osuser@bastion ~]$
[osuser@bastion ~]$
[osuser@bastion ~]$ oc logs perf-kafka-cluster-cruise-control-54d9df6849-xz4tw -n perf-kafka | grep -i "ERROR"
Defaulted container "cruise-control" out of: cruise-control, dynatrace-operator (init)
2026-01-22 04:26:38 WARN  Sender:684 - [Producer clientId=KafkaCruiseControlSampleStoreProducer] Got error produce response with correlation id 52855 on topic-partition strimzi.cruisecontrol.partitionmetricsamples-31, retrying (4 attempts left). Error: NOT_LEADER_OR_FOLLOWER
2026-01-22 04:26:38 WARN  Sender:710 - [Producer clientId=KafkaCruiseControlSampleStoreProducer] Received invalid metadata error in produce request on partition strimzi.cruisecontrol.partitionmetricsamples-31 due to org.apache.kafka.common.errors.NotLeaderOrFollowerException: For requests intended only for the leader, this error indicates that the broker is not the current leader. For requests intended for any replica, this error indicates that the broker is not a replica of the topic partition. Going to request metadata update now
2026-01-22 04:31:38 WARN  Sender:684 - [Producer clientId=KafkaCruiseControlSampleStoreProducer] Got error produce response with correlation id 52869 on topic-partition strimzi.cruisecontrol.partitionmetricsamples-31, retrying (4 attempts left). Error: NOT_LEADER_OR_FOLLOWER
2026-01-22 04:31:38 WARN  Sender:710 - [Producer clientId=KafkaCruiseControlSampleStoreProducer] Received invalid metadata error in produce request on partition strimzi.cruisecontrol.partitionmetricsamples-31 due to org.apache.kafka.common.errors.NotLeaderOrFollowerException: For requests intended only for the leader, this error indicates that the broker is not the current leader. For requests intended for any replica, this error indicates that the broker is not a replica of the topic partition. Going to request metadata update now
2026-01-22 04:57:38 WARN  Sender:684 - [Producer clientId=KafkaCruiseControlSampleStoreProducer] Got error produce response with correlation id 52955 on topic-partition strimzi.cruisecontrol.partitionmetricsamples-31, retrying (4 attempts left). Error: NOT_LEADER_OR_FOLLOWER
2026-01-22 04:57:38 WARN  Sender:710 - [Producer clientId=KafkaCruiseControlSampleStoreProducer] Received invalid metadata error in produce request on partition strimzi.cruisecontrol.partitionmetricsamples-31 due to org.apache.kafka.common.errors.NotLeaderOrFollowerException: For requests intended only for the leader, this error indicates that the broker is not the current leader. For requests intended for any replica, this error indicates that the broker is not a replica of the topic partition. Going to request metadata update now
2026-01-22 05:02:38 WARN  Sender:684 - [Producer clientId=KafkaCruiseControlSampleStoreProducer] Got error produce response with correlation id 52969 on topic-partition strimzi.cruisecontrol.partitionmetricsamples-31, retrying (4 attempts left). Error: NOT_LEADER_OR_FOLLOWER
2026-01-22 05:02:38 WARN  Sender:710 - [Producer clientId=KafkaCruiseControlSampleStoreProducer] Received invalid metadata error in produce request on partition strimzi.cruisecontrol.partitionmetricsamples-31 due to org.apache.kafka.common.errors.NotLeaderOrFollowerException: For requests intended only for the leader, this error indicates that the broker is not the current leader. For requests intended for any replica, this error indicates that the broker is not a replica of the topic partition. Going to request metadata update now
2026-01-22 05:28:38 WARN  Sender:684 - [Producer clientId=KafkaCruiseControlSampleStoreProducer] Got error produce response with correlation id 53040 on topic-partition strimzi.cruisecontrol.modeltrainingsamples-21, retrying (4 attempts left). Error: NOT_LEADER_OR_FOLLOWER
2026-01-22 05:28:38 WARN  Sender:710 - [Producer clientId=KafkaCruiseControlSampleStoreProducer] Received invalid metadata error in produce request on partition strimzi.cruisecontrol.modeltrainingsamples-21 due to org.apache.kafka.common.errors.NotLeaderOrFollowerException: For requests intended only for the leader, this error indicates that the broker is not the current leader. For requests intended for any replica, this error indicates that the broker is not a replica of the topic partition. Going to request metadata update now
2026-01-22 05:28:38 WARN  Sender:684 - [Producer clientId=KafkaCruiseControlSampleStoreProducer] Got error produce response with correlation id 53040 on topic-partition strimzi.cruisecontrol.partitionmetricsamples-31, retrying (4 attempts left). Error: NOT_LEADER_OR_FOLLOWER
2026-01-22 05:28:38 WARN  Sender:710 - [Producer clientId=KafkaCruiseControlSampleStoreProducer] Received invalid metadata error in produce request on partition strimzi.cruisecontrol.partitionmetricsamples-31 due to org.apache.kafka.common.errors.NotLeaderOrFollowerException: For requests intended only for the leader, this error indicates that the broker is not the current leader. For requests intended for any replica, this error indicates that the broker is not a replica of the topic partition. Going to request metadata update now
2026-01-22 05:33:38 WARN  Sender:684 - [Producer clientId=KafkaCruiseControlSampleStoreProducer] Got error produce response with correlation id 53053 on topic-partition strimzi.cruisecontrol.modeltrainingsamples-21, retrying (4 attempts left). Error: NOT_LEADER_OR_FOLLOWER
2026-01-22 05:33:38 WARN  Sender:710 - [Producer clientId=KafkaCruiseControlSampleStoreProducer] Received invalid metadata error in produce request on partition strimzi.cruisecontrol.modeltrainingsamples-21 due to org.apache.kafka.common.errors.NotLeaderOrFollowerException: For requests intended only for the leader, this error indicates that the broker is not the current leader. For requests intended for any replica, this error indicates that the broker is not a replica of the topic partition. Going to request metadata update now
2026-01-22 05:33:38 WARN  Sender:684 - [Producer clientId=KafkaCruiseControlSampleStoreProducer] Got error produce response with correlation id 53053 on topic-partition strimzi.cruisecontrol.partitionmetricsamples-31, retrying (4 attempts left). Error: NOT_LEADER_OR_FOLLOWER
2026-01-22 05:33:38 WARN  Sender:710 - [Producer clientId=KafkaCruiseControlSampleStoreProducer] Received invalid metadata error in produce request on partition strimzi.cruisecontrol.partitionmetricsamples-31 due to org.apache.kafka.common.errors.NotLeaderOrFollowerException: For requests intended only for the leader, this error indicates that the broker is not the current leader. For requests intended for any replica, this error indicates that the broker is not a replica of the topic partition. Going to request metadata update now
[osuser@bastion ~]$
