[osuser@bastion ~]$ oc label namespace pre-prod-dc-kafka dynatrace.com/inject=false --overwrite
namespace/pre-prod-dc-kafka labeled
[osuser@bastion ~]$ oc describe ns pre-prod-dc-kafka
Name:         pre-prod-dc-kafka
Labels:       dynakube.internal.dynatrace.com/instance=epay-dcpreprod
              dynatrace.com/inject=false
              kubernetes.io/metadata.name=pre-prod-dc-kafka
              pod-security.kubernetes.io/audit=restricted
              pod-security.kubernetes.io/audit-version=latest
              pod-security.kubernetes.io/warn=restricted
              pod-security.kubernetes.io/warn-version=latest
Annotations:  openshift.io/sa.scc.mcs: s0:c28,c27
              openshift.io/sa.scc.supplemental-groups: 1000810000/10000
              openshift.io/sa.scc.uid-range: 1000810000/10000
Status:       Active

No resource quota.

No LimitRange resource.
[osuser@bastion ~]$ oc rollout restart deployment pre-prod-dc-console-console-deployment -n pre-prod-dc-kafka
deployment.apps/pre-prod-dc-console-console-deployment restarted
[osuser@bastion ~]$
[osuser@bastion ~]$ oc get po  pre-prod-dc-kafka
Error from server (NotFound): pods "pre-prod-dc-kafka" not found
[osuser@bastion ~]$ oc get po  -n pre-prod-dc-kafka
NAME                                                        READY   STATUS    RESTARTS       AGE
amq-streams-console-operator-v3.0.1-3-5b558654dc-rqbrx      1/1     Running   20 (12h ago)   53d
pre-prod-dc-console-console-deployment-54b5f68bfc-8z4x5     2/2     Running   0              12s
pre-prod-dc-kafka-cluster-broker-0                          1/1     Running   0              20d
pre-prod-dc-kafka-cluster-broker-1                          1/1     Running   0              20d
pre-prod-dc-kafka-cluster-broker-2                          1/1     Running   0              20d
pre-prod-dc-kafka-cluster-controller-3                      1/1     Running   0              20d
pre-prod-dc-kafka-cluster-controller-4                      1/1     Running   0              20d
pre-prod-dc-kafka-cluster-controller-5                      1/1     Running   0              20d
pre-prod-dc-kafka-cluster-cruise-control-766dc9685-pgs2d    1/1     Running   0              20d
pre-prod-dc-kafka-cluster-entity-operator-956886b5b-pcwzw   2/2     Running   0              20d
pre-prod-dc-kafka-mirror-maker-mirrormaker2-0               1/1     Running   0              8d
[osuser@bastion ~]$ oc get po  -n pre-prod-dc-kafka
NAME                                                        READY   STATUS    RESTARTS       AGE
amq-streams-console-operator-v3.0.1-3-5b558654dc-rqbrx      1/1     Running   20 (12h ago)   53d
pre-prod-dc-console-console-deployment-54b5f68bfc-8z4x5     2/2     Running   0              14s
pre-prod-dc-kafka-cluster-broker-0                          1/1     Running   0              20d
pre-prod-dc-kafka-cluster-broker-1                          1/1     Running   0              20d
pre-prod-dc-kafka-cluster-broker-2                          1/1     Running   0              20d
pre-prod-dc-kafka-cluster-controller-3                      1/1     Running   0              20d
pre-prod-dc-kafka-cluster-controller-4                      1/1     Running   0              20d
pre-prod-dc-kafka-cluster-controller-5                      1/1     Running   0              20d
pre-prod-dc-kafka-cluster-cruise-control-766dc9685-pgs2d    1/1     Running   0              20d
pre-prod-dc-kafka-cluster-entity-operator-956886b5b-pcwzw   2/2     Running   0              20d
pre-prod-dc-kafka-mirror-maker-mirrormaker2-0               1/1     Running   0              8d
[osuser@bastion ~]$
[osuser@bastion ~]$
[osuser@bastion ~]$ oc get po  -n pre-prod-dc-kafka
NAME                                                        READY   STATUS    RESTARTS       AGE
amq-streams-console-operator-v3.0.1-3-5b558654dc-rqbrx      1/1     Running   20 (12h ago)   53d
pre-prod-dc-console-console-deployment-54b5f68bfc-8z4x5     2/2     Running   0              16s
pre-prod-dc-kafka-cluster-broker-0                          1/1     Running   0              20d
pre-prod-dc-kafka-cluster-broker-1                          1/1     Running   0              20d
pre-prod-dc-kafka-cluster-broker-2                          1/1     Running   0              20d
pre-prod-dc-kafka-cluster-controller-3                      1/1     Running   0              20d
pre-prod-dc-kafka-cluster-controller-4                      1/1     Running   0              20d
pre-prod-dc-kafka-cluster-controller-5                      1/1     Running   0              20d
pre-prod-dc-kafka-cluster-cruise-control-766dc9685-pgs2d    1/1     Running   0              20d
pre-prod-dc-kafka-cluster-entity-operator-956886b5b-pcwzw   2/2     Running   0              20d
pre-prod-dc-kafka-mirror-maker-mirrormaker2-0               1/1     Running   0              8d
[osuser@bastion ~]$
[osuser@bastion ~]$ oc get po  -n pre-prod-dc-kafka
NAME                                                        READY   STATUS    RESTARTS       AGE
amq-streams-console-operator-v3.0.1-3-5b558654dc-rqbrx      1/1     Running   20 (12h ago)   53d
pre-prod-dc-console-console-deployment-54b5f68bfc-8z4x5     2/2     Running   0              18s
pre-prod-dc-kafka-cluster-broker-0                          1/1     Running   0              20d
pre-prod-dc-kafka-cluster-broker-1                          1/1     Running   0              20d
pre-prod-dc-kafka-cluster-broker-2                          1/1     Running   0              20d
pre-prod-dc-kafka-cluster-controller-3                      1/1     Running   0              20d
pre-prod-dc-kafka-cluster-controller-4                      1/1     Running   0              20d
pre-prod-dc-kafka-cluster-controller-5                      1/1     Running   0              20d
pre-prod-dc-kafka-cluster-cruise-control-766dc9685-pgs2d    1/1     Running   0              20d
pre-prod-dc-kafka-cluster-entity-operator-956886b5b-pcwzw   2/2     Running   0              20d
pre-prod-dc-kafka-mirror-maker-mirrormaker2-0               1/1     Running   0              8d
[osuser@bastion ~]$
[osuser@bastion ~]$
[osuser@bastion ~]$
[osuser@bastion ~]$ oc logs -f pre-prod-dc-console-console-deployment-54b5f68bfc-8z4x5 -n pre-prod-dc-kafka
Defaulted container "console-api" out of: console-api, console-ui
INFO exec -a "java" java -Dquarkus.http.host=0.0.0.0 -Djava.util.logging.manager=org.jboss.logmanager.LogManager -cp "." -jar /deployments/quarkus-run.jar
INFO running in /deployments
__  ____  __  _____   ___  __ ____  ______
 --/ __ \/ / / / _ | / _ \/ //_/ / / / __/
 -/ /_/ / /_/ / __ |/ , _/ ,< / /_/ /\ \
--\___\_\____/_/ |_/_/|_/_/|_|\____/___/
2026-01-21 10:36:25,991 INFO  [com.git.str.con.api.sup.fac.ConsoleConfigFactory] (main) Loading console configuration from file:/deployments/config/console-config.yaml
2026-01-21 10:36:26,226 WARN  [io.fab.kub.cli.dsl.int.VersionUsageUtils] (main) The client is using resource type 'kafkas' with unstable version 'v1beta2'
2026-01-21 10:36:26,966 WARN  [io.fab.kub.cli.dsl.int.VersionUsageUtils] (main) The client is using resource type 'kafkanodepools' with unstable version 'v1beta2'
2026-01-21 10:36:27,030 WARN  [io.fab.kub.cli.dsl.int.VersionUsageUtils] (main) The client is using resource type 'kafkatopics' with unstable version 'v1beta2'
2026-01-21 10:36:27,073 INFO  [com.git.str.con.LoggingConfigWatcher] (main) No log config files set to monitor
2026-01-21 10:36:27,138 INFO  [io.quarkus] (main) console-api 0.8.6.redhat-00002 on JVM (powered by Quarkus 3.20.2.redhat-00004) started in 4.273s. Listening on: http://0.0.0.0:8080
2026-01-21 10:36:27,138 INFO  [io.quarkus] (main) Profile prod activated.
2026-01-21 10:36:27,138 INFO  [io.quarkus] (main) Installed features: [cdi, hibernate-validator, kubernetes-client, micrometer, oidc, oidc-client, rest, rest-client, rest-jackson, security, smallrye-context-propagation, smallrye-health, smallrye-openapi, swagger-ui, vertx]




